{"timestamp":"2026-09-10T15:21:05.646133Z","level":"info","event":"::group::Pre Execute","logger":"task","filename":"task_runner.py","lineno":2412}
{"timestamp":"2026-09-10T15:21:05.676706Z","level":"info","event":"DAG bundles loaded: dags-folder, example_dags, apache-airflow-providers-common-sql-example-dags, apache-airflow-providers-standard-example-dags","task_id":"load","run_id":"manual__2026-09-10T15:20:53.800150+00:00","dag_id":"etl_airflow_demo","try_number":1,"ti_id":"01a08be8-5368-7662-a420-9bd485251356","map_index":-1,"logger":"airflow.dag_processing.bundles.manager.DagBundlesManager","filename":"manager.py","lineno":304}
{"timestamp":"2026-09-10T15:21:05.680400Z","level":"info","event":"Filling up the DagBag from /opt/airflow/dags/etl_pipeline.py","task_id":"load","run_id":"manual__2026-09-10T15:20:53.800150+00:00","dag_id":"etl_airflow_demo","try_number":1,"ti_id":"01a08be8-5368-7662-a420-9bd485251356","map_index":-1,"logger":"airflow.dag_processing.dagbag.BundleDagBag","filename":"dagbag.py","lineno":460}
{"timestamp":"2026-09-10T15:21:06.749856Z","level":"warning","event":"The `airflow.operators.python.PythonOperator` attribute is deprecated. Please use `'airflow.providers.standard.operators.python.PythonOperator'`.","category":"UserWarning","filename":"/opt/airflow/dags/etl_pipeline.py","lineno":2,"task_id":"load","run_id":"manual__2026-09-10T15:20:53.800150+00:00","dag_id":"etl_airflow_demo","try_number":1,"ti_id":"01a08be8-5368-7662-a420-9bd485251356","map_index":-1,"logger":"py.warnings"}
{"timestamp":"2026-09-10T15:21:06.751814Z","level":"info","event":"Worker startup parse complete","bundle_name":"dags-folder","bundle_version":null,"dag_file":"etl_pipeline.py","dag_id":"etl_airflow_demo","bundle_prepare_ms":6,"dag_file_parse_ms":1071,"task_id":"load","run_id":"manual__2026-09-10T15:20:53.800150+00:00","try_number":1,"ti_id":"01a08be8-5368-7662-a420-9bd485251356","map_index":-1,"logger":"task","filename":"task_runner.py","lineno":1073}
{"timestamp":"2026-09-10T15:21:06.791357Z","level":"info","event":"Task instance is in running state","logger":"task.stdout"}
{"timestamp":"2026-09-10T15:21:06.792971Z","level":"info","event":" Previous state of the Task instance: TaskInstanceState.QUEUED","logger":"task.stdout"}
{"timestamp":"2026-09-10T15:21:06.794466Z","level":"info","event":"Current task name:load","logger":"task.stdout"}
{"timestamp":"2026-09-10T15:21:06.796003Z","level":"info","event":"Dag name:etl_airflow_demo","logger":"task.stdout"}
{"timestamp":"2026-09-10T15:21:06.792299Z","level":"info","event":"::endgroup::","task_id":"load","run_id":"manual__2026-09-10T15:20:53.800150+00:00","dag_id":"etl_airflow_demo","try_number":1,"ti_id":"01a08be8-5368-7662-a420-9bd485251356","map_index":-1,"logger":"task","filename":"task_runner.py","lineno":2232}
{"timestamp":"2026-09-10T15:21:06.798934Z","level":"info","event":"Loading into DuckDB...","logger":"task.stdout"}
{"timestamp":"2026-09-10T15:21:06.945793Z","level":"info","event":"   month  1958  1959  1960","logger":"task.stdout"}
{"timestamp":"2026-09-10T15:21:06.947464Z","level":"info","event":"0    JAN   340   360   417","logger":"task.stdout"}
{"timestamp":"2026-09-10T15:21:06.948743Z","level":"info","event":"1    FEB   318   342   391","logger":"task.stdout"}
{"timestamp":"2026-09-10T15:21:06.950274Z","level":"info","event":"2    MAR   362   406   419","logger":"task.stdout"}
{"timestamp":"2026-09-10T15:21:06.951580Z","level":"info","event":"3    APR   348   396   461","logger":"task.stdout"}
{"timestamp":"2026-09-10T15:21:06.953023Z","level":"info","event":"4    MAY   363   420   472","logger":"task.stdout"}
{"timestamp":"2026-09-10T15:21:06.954393Z","level":"info","event":"5    JUN   435   472   535","logger":"task.stdout"}
{"timestamp":"2026-09-10T15:21:06.955886Z","level":"info","event":"6    JUL   491   548   622","logger":"task.stdout"}
{"timestamp":"2026-09-10T15:21:06.957362Z","level":"info","event":"7    AUG   505   559   606","logger":"task.stdout"}
{"timestamp":"2026-09-10T15:21:06.958971Z","level":"info","event":"8    SEP   404   463   508","logger":"task.stdout"}
{"timestamp":"2026-09-10T15:21:06.960655Z","level":"info","event":"9    OCT   359   407   461","logger":"task.stdout"}
{"timestamp":"2026-09-10T15:21:06.962068Z","level":"info","event":"10   NOV   310   362   390","logger":"task.stdout"}
{"timestamp":"2026-09-10T15:21:06.963788Z","level":"info","event":"11   DEC   337   405   432","logger":"task.stdout"}
{"timestamp":"2026-09-10T15:21:06.982274Z","level":"info","event":"Done. Returned value was: None","task_id":"load","run_id":"manual__2026-09-10T15:20:53.800150+00:00","dag_id":"etl_airflow_demo","try_number":1,"ti_id":"01a08be8-5368-7662-a420-9bd485251356","map_index":-1,"logger":"airflow.task.operators.airflow.providers.standard.operators.python.PythonOperator","filename":"python.py","lineno":233}
{"timestamp":"2026-09-10T15:21:06.982528Z","level":"info","event":"::group::Post Execute","task_id":"load","run_id":"manual__2026-09-10T15:20:53.800150+00:00","dag_id":"etl_airflow_demo","try_number":1,"ti_id":"01a08be8-5368-7662-a420-9bd485251356","map_index":-1,"logger":"task","filename":"task_runner.py","lineno":1580}
{"timestamp":"2026-09-10T15:21:07.008780Z","level":"info","event":"Task instance in success state","logger":"task.stdout"}
{"timestamp":"2026-09-10T15:21:07.010070Z","level":"info","event":" Previous state of the Task instance: TaskInstanceState.RUNNING","logger":"task.stdout"}
{"timestamp":"2026-09-10T15:21:07.011469Z","level":"info","event":"Task operator:<Task(PythonOperator): load>","logger":"task.stdout"}
{"timestamp":"2026-09-10T15:21:07.009092Z","level":"info","event":"::endgroup::","task_id":"load","run_id":"manual__2026-09-10T15:20:53.800150+00:00","dag_id":"etl_airflow_demo","try_number":1,"ti_id":"01a08be8-5368-7662-a420-9bd485251356","map_index":-1,"logger":"task","filename":"task_runner.py","lineno":2379}
