{"timestamp":"2026-09-10T14:48:51.739267Z","level":"info","event":"::group::Pre Execute","logger":"task","filename":"task_runner.py","lineno":2412}
{"timestamp":"2026-09-10T14:48:51.807083Z","level":"info","event":"DAG bundles loaded: dags-folder, example_dags, apache-airflow-providers-common-sql-example-dags, apache-airflow-providers-standard-example-dags","run_id":"scheduled__2026-09-10T00:00:00+00:00","dag_id":"etl_airflow_demo","task_id":"transform","map_index":-1,"try_number":1,"ti_id":"01a08bca-b157-7f04-bc75-1825dcda4717","logger":"airflow.dag_processing.bundles.manager.DagBundlesManager","filename":"manager.py","lineno":304}
{"timestamp":"2026-09-10T14:48:51.814235Z","level":"info","event":"Filling up the DagBag from /opt/airflow/dags/etl_pipeline.py","run_id":"scheduled__2026-09-10T00:00:00+00:00","dag_id":"etl_airflow_demo","task_id":"transform","map_index":-1,"try_number":1,"ti_id":"01a08bca-b157-7f04-bc75-1825dcda4717","logger":"airflow.dag_processing.dagbag.BundleDagBag","filename":"dagbag.py","lineno":460}
{"timestamp":"2026-09-10T14:48:52.484439Z","level":"warning","event":"The `airflow.operators.python.PythonOperator` attribute is deprecated. Please use `'airflow.providers.standard.operators.python.PythonOperator'`.","category":"UserWarning","filename":"/opt/airflow/dags/etl_pipeline.py","lineno":2,"run_id":"scheduled__2026-09-10T00:00:00+00:00","dag_id":"etl_airflow_demo","task_id":"transform","map_index":-1,"try_number":1,"ti_id":"01a08bca-b157-7f04-bc75-1825dcda4717","logger":"py.warnings"}
{"timestamp":"2026-09-10T14:48:52.486812Z","level":"info","event":"Worker startup parse complete","bundle_name":"dags-folder","bundle_version":null,"dag_file":"etl_pipeline.py","dag_id":"etl_airflow_demo","bundle_prepare_ms":11,"dag_file_parse_ms":673,"run_id":"scheduled__2026-09-10T00:00:00+00:00","task_id":"transform","map_index":-1,"try_number":1,"ti_id":"01a08bca-b157-7f04-bc75-1825dcda4717","logger":"task","filename":"task_runner.py","lineno":1073}
{"timestamp":"2026-09-10T14:48:52.525018Z","level":"info","event":"Task instance is in running state","logger":"task.stdout"}
{"timestamp":"2026-09-10T14:48:52.526559Z","level":"info","event":" Previous state of the Task instance: TaskInstanceState.QUEUED","logger":"task.stdout"}
{"timestamp":"2026-09-10T14:48:52.528672Z","level":"info","event":"Current task name:transform","logger":"task.stdout"}
{"timestamp":"2026-09-10T14:48:52.530174Z","level":"info","event":"Dag name:etl_airflow_demo","logger":"task.stdout"}
{"timestamp":"2026-09-10T14:48:52.526032Z","level":"info","event":"::endgroup::","run_id":"scheduled__2026-09-10T00:00:00+00:00","dag_id":"etl_airflow_demo","task_id":"transform","map_index":-1,"try_number":1,"ti_id":"01a08bca-b157-7f04-bc75-1825dcda4717","logger":"task","filename":"task_runner.py","lineno":2232}
{"timestamp":"2026-09-10T14:48:52.532980Z","level":"info","event":"Transforming dataset...","logger":"task.stdout"}
{"timestamp":"2026-09-10T14:48:52.621361Z","level":"info","event":"  month  1958  1959  1960","logger":"task.stdout"}
{"timestamp":"2026-09-10T14:48:52.622932Z","level":"info","event":"0   JAN   340   360   417","logger":"task.stdout"}
{"timestamp":"2026-09-10T14:48:52.624614Z","level":"info","event":"1   FEB   318   342   391","logger":"task.stdout"}
{"timestamp":"2026-09-10T14:48:52.625928Z","level":"info","event":"2   MAR   362   406   419","logger":"task.stdout"}
{"timestamp":"2026-09-10T14:48:52.627531Z","level":"info","event":"3   APR   348   396   461","logger":"task.stdout"}
{"timestamp":"2026-09-10T14:48:52.628876Z","level":"info","event":"4   MAY   363   420   472","logger":"task.stdout"}
{"timestamp":"2026-09-10T14:48:52.621413Z","level":"info","event":"Done. Returned value was: None","run_id":"scheduled__2026-09-10T00:00:00+00:00","dag_id":"etl_airflow_demo","task_id":"transform","map_index":-1,"try_number":1,"ti_id":"01a08bca-b157-7f04-bc75-1825dcda4717","logger":"airflow.task.operators.airflow.providers.standard.operators.python.PythonOperator","filename":"python.py","lineno":233}
{"timestamp":"2026-09-10T14:48:52.621720Z","level":"info","event":"::group::Post Execute","run_id":"scheduled__2026-09-10T00:00:00+00:00","dag_id":"etl_airflow_demo","task_id":"transform","map_index":-1,"try_number":1,"ti_id":"01a08bca-b157-7f04-bc75-1825dcda4717","logger":"task","filename":"task_runner.py","lineno":1580}
{"timestamp":"2026-09-10T14:48:52.668436Z","level":"info","event":"Task instance in success state","logger":"task.stdout"}
{"timestamp":"2026-09-10T14:48:52.674670Z","level":"info","event":" Previous state of the Task instance: TaskInstanceState.RUNNING","logger":"task.stdout"}
{"timestamp":"2026-09-10T14:48:52.679319Z","level":"info","event":"Task operator:<Task(PythonOperator): transform>","logger":"task.stdout"}
{"timestamp":"2026-09-10T14:48:52.669049Z","level":"info","event":"::endgroup::","run_id":"scheduled__2026-09-10T00:00:00+00:00","dag_id":"etl_airflow_demo","task_id":"transform","map_index":-1,"try_number":1,"ti_id":"01a08bca-b157-7f04-bc75-1825dcda4717","logger":"task","filename":"task_runner.py","lineno":2379}
