{"timestamp":"2026-09-10T15:20:55.501307Z","level":"info","event":"::group::Pre Execute","logger":"task","filename":"task_runner.py","lineno":2412}
{"timestamp":"2026-09-10T15:21:00.002271Z","level":"info","event":"DAG bundles loaded: dags-folder, example_dags, apache-airflow-providers-common-sql-example-dags, apache-airflow-providers-standard-example-dags","run_id":"manual__2026-09-10T15:20:53.800150+00:00","task_id":"extract","dag_id":"etl_airflow_demo","try_number":1,"map_index":-1,"ti_id":"01a08be8-5366-7062-bff7-d843d8a230f7","logger":"airflow.dag_processing.bundles.manager.DagBundlesManager","filename":"manager.py","lineno":304}
{"timestamp":"2026-09-10T15:21:00.004980Z","level":"info","event":"Filling up the DagBag from /opt/airflow/dags/etl_pipeline.py","run_id":"manual__2026-09-10T15:20:53.800150+00:00","task_id":"extract","dag_id":"etl_airflow_demo","try_number":1,"map_index":-1,"ti_id":"01a08be8-5366-7062-bff7-d843d8a230f7","logger":"airflow.dag_processing.dagbag.BundleDagBag","filename":"dagbag.py","lineno":460}
{"timestamp":"2026-09-10T15:21:01.752967Z","level":"warning","event":"The `airflow.operators.python.PythonOperator` attribute is deprecated. Please use `'airflow.providers.standard.operators.python.PythonOperator'`.","category":"UserWarning","filename":"/opt/airflow/dags/etl_pipeline.py","lineno":2,"run_id":"manual__2026-09-10T15:20:53.800150+00:00","task_id":"extract","dag_id":"etl_airflow_demo","try_number":1,"map_index":-1,"ti_id":"01a08be8-5366-7062-bff7-d843d8a230f7","logger":"py.warnings"}
{"timestamp":"2026-09-10T15:21:01.754481Z","level":"info","event":"Worker startup parse complete","bundle_name":"dags-folder","bundle_version":null,"dag_file":"etl_pipeline.py","dag_id":"etl_airflow_demo","bundle_prepare_ms":4,"dag_file_parse_ms":1749,"run_id":"manual__2026-09-10T15:20:53.800150+00:00","task_id":"extract","try_number":1,"map_index":-1,"ti_id":"01a08be8-5366-7062-bff7-d843d8a230f7","logger":"task","filename":"task_runner.py","lineno":1073}
{"timestamp":"2026-09-10T15:21:01.788647Z","level":"info","event":"Task instance is in running state","logger":"task.stdout"}
{"timestamp":"2026-09-10T15:21:01.793309Z","level":"info","event":" Previous state of the Task instance: TaskInstanceState.QUEUED","logger":"task.stdout"}
{"timestamp":"2026-09-10T15:21:01.796735Z","level":"info","event":"Current task name:extract","logger":"task.stdout"}
{"timestamp":"2026-09-10T15:21:01.800610Z","level":"info","event":"Dag name:etl_airflow_demo","logger":"task.stdout"}
{"timestamp":"2026-09-10T15:21:01.803110Z","level":"info","event":"Extracting dataset...","logger":"task.stdout"}
{"timestamp":"2026-09-10T15:21:01.789021Z","level":"info","event":"::endgroup::","run_id":"manual__2026-09-10T15:20:53.800150+00:00","task_id":"extract","dag_id":"etl_airflow_demo","try_number":1,"map_index":-1,"ti_id":"01a08be8-5366-7062-bff7-d843d8a230f7","logger":"task","filename":"task_runner.py","lineno":2232}
{"timestamp":"2026-09-10T15:21:01.924651Z","level":"info","event":"  month  1958  1959  1960","logger":"task.stdout"}
{"timestamp":"2026-09-10T15:21:01.925950Z","level":"info","event":"0   JAN   340   360   417","logger":"task.stdout"}
{"timestamp":"2026-09-10T15:21:01.927220Z","level":"info","event":"1   FEB   318   342   391","logger":"task.stdout"}
{"timestamp":"2026-09-10T15:21:01.928241Z","level":"info","event":"2   MAR   362   406   419","logger":"task.stdout"}
{"timestamp":"2026-09-10T15:21:01.929231Z","level":"info","event":"3   APR   348   396   461","logger":"task.stdout"}
{"timestamp":"2026-09-10T15:21:01.930276Z","level":"info","event":"4   MAY   363   420   472","logger":"task.stdout"}
{"timestamp":"2026-09-10T15:21:01.924706Z","level":"info","event":"Done. Returned value was: None","run_id":"manual__2026-09-10T15:20:53.800150+00:00","task_id":"extract","dag_id":"etl_airflow_demo","try_number":1,"map_index":-1,"ti_id":"01a08be8-5366-7062-bff7-d843d8a230f7","logger":"airflow.task.operators.airflow.providers.standard.operators.python.PythonOperator","filename":"python.py","lineno":233}
{"timestamp":"2026-09-10T15:21:01.924997Z","level":"info","event":"::group::Post Execute","run_id":"manual__2026-09-10T15:20:53.800150+00:00","task_id":"extract","dag_id":"etl_airflow_demo","try_number":1,"map_index":-1,"ti_id":"01a08be8-5366-7062-bff7-d843d8a230f7","logger":"task","filename":"task_runner.py","lineno":1580}
{"timestamp":"2026-09-10T15:21:01.978266Z","level":"info","event":"Task instance in success state","logger":"task.stdout"}
{"timestamp":"2026-09-10T15:21:01.979912Z","level":"info","event":" Previous state of the Task instance: TaskInstanceState.RUNNING","logger":"task.stdout"}
{"timestamp":"2026-09-10T15:21:01.981412Z","level":"info","event":"Task operator:<Task(PythonOperator): extract>","logger":"task.stdout"}
{"timestamp":"2026-09-10T15:21:01.978743Z","level":"info","event":"::endgroup::","run_id":"manual__2026-09-10T15:20:53.800150+00:00","task_id":"extract","dag_id":"etl_airflow_demo","try_number":1,"map_index":-1,"ti_id":"01a08be8-5366-7062-bff7-d843d8a230f7","logger":"task","filename":"task_runner.py","lineno":2379}
