{"timestamp":"2026-09-10T14:49:39.194149Z","level":"info","event":"::group::Pre Execute","logger":"task","filename":"task_runner.py","lineno":2412}
{"timestamp":"2026-09-10T14:49:39.309244Z","level":"info","event":"DAG bundles loaded: dags-folder, example_dags, apache-airflow-providers-common-sql-example-dags, apache-airflow-providers-standard-example-dags","map_index":-1,"run_id":"manual__2026-09-10T14:49:36.168804+00:00","try_number":1,"task_id":"transform","dag_id":"etl_airflow_demo","ti_id":"01a08bcb-acee-7e10-93e8-d9b0081427f9","logger":"airflow.dag_processing.bundles.manager.DagBundlesManager","filename":"manager.py","lineno":304}
{"timestamp":"2026-09-10T14:49:39.316828Z","level":"info","event":"Filling up the DagBag from /opt/airflow/dags/etl_pipeline.py","map_index":-1,"run_id":"manual__2026-09-10T14:49:36.168804+00:00","try_number":1,"task_id":"transform","dag_id":"etl_airflow_demo","ti_id":"01a08bcb-acee-7e10-93e8-d9b0081427f9","logger":"airflow.dag_processing.dagbag.BundleDagBag","filename":"dagbag.py","lineno":460}
{"timestamp":"2026-09-10T14:49:39.833305Z","level":"warning","event":"The `airflow.operators.python.PythonOperator` attribute is deprecated. Please use `'airflow.providers.standard.operators.python.PythonOperator'`.","category":"UserWarning","filename":"/opt/airflow/dags/etl_pipeline.py","lineno":2,"map_index":-1,"run_id":"manual__2026-09-10T14:49:36.168804+00:00","try_number":1,"task_id":"transform","dag_id":"etl_airflow_demo","ti_id":"01a08bcb-acee-7e10-93e8-d9b0081427f9","logger":"py.warnings"}
{"timestamp":"2026-09-10T14:49:39.834614Z","level":"info","event":"Worker startup parse complete","bundle_name":"dags-folder","bundle_version":null,"dag_file":"etl_pipeline.py","dag_id":"etl_airflow_demo","bundle_prepare_ms":11,"dag_file_parse_ms":518,"map_index":-1,"run_id":"manual__2026-09-10T14:49:36.168804+00:00","try_number":1,"task_id":"transform","ti_id":"01a08bcb-acee-7e10-93e8-d9b0081427f9","logger":"task","filename":"task_runner.py","lineno":1073}
{"timestamp":"2026-09-10T14:49:39.858489Z","level":"info","event":"Task instance is in running state","logger":"task.stdout"}
{"timestamp":"2026-09-10T14:49:39.860096Z","level":"info","event":" Previous state of the Task instance: TaskInstanceState.QUEUED","logger":"task.stdout"}
{"timestamp":"2026-09-10T14:49:39.861411Z","level":"info","event":"Current task name:transform","logger":"task.stdout"}
{"timestamp":"2026-09-10T14:49:39.863022Z","level":"info","event":"Dag name:etl_airflow_demo","logger":"task.stdout"}
{"timestamp":"2026-09-10T14:49:39.858867Z","level":"info","event":"::endgroup::","map_index":-1,"run_id":"manual__2026-09-10T14:49:36.168804+00:00","try_number":1,"task_id":"transform","dag_id":"etl_airflow_demo","ti_id":"01a08bcb-acee-7e10-93e8-d9b0081427f9","logger":"task","filename":"task_runner.py","lineno":2232}
{"timestamp":"2026-09-10T14:49:39.865698Z","level":"info","event":"Transforming dataset...","logger":"task.stdout"}
{"timestamp":"2026-09-10T14:49:39.964479Z","level":"info","event":"  month  1958  1959  1960","logger":"task.stdout"}
{"timestamp":"2026-09-10T14:49:39.965858Z","level":"info","event":"0   JAN   340   360   417","logger":"task.stdout"}
{"timestamp":"2026-09-10T14:49:39.967173Z","level":"info","event":"1   FEB   318   342   391","logger":"task.stdout"}
{"timestamp":"2026-09-10T14:49:39.968490Z","level":"info","event":"2   MAR   362   406   419","logger":"task.stdout"}
{"timestamp":"2026-09-10T14:49:39.969699Z","level":"info","event":"3   APR   348   396   461","logger":"task.stdout"}
{"timestamp":"2026-09-10T14:49:39.970902Z","level":"info","event":"4   MAY   363   420   472","logger":"task.stdout"}
{"timestamp":"2026-09-10T14:49:39.964396Z","level":"info","event":"Done. Returned value was: None","map_index":-1,"run_id":"manual__2026-09-10T14:49:36.168804+00:00","try_number":1,"task_id":"transform","dag_id":"etl_airflow_demo","ti_id":"01a08bcb-acee-7e10-93e8-d9b0081427f9","logger":"airflow.task.operators.airflow.providers.standard.operators.python.PythonOperator","filename":"python.py","lineno":233}
{"timestamp":"2026-09-10T14:49:39.964606Z","level":"info","event":"::group::Post Execute","map_index":-1,"run_id":"manual__2026-09-10T14:49:36.168804+00:00","try_number":1,"task_id":"transform","dag_id":"etl_airflow_demo","ti_id":"01a08bcb-acee-7e10-93e8-d9b0081427f9","logger":"task","filename":"task_runner.py","lineno":1580}
{"timestamp":"2026-09-10T14:49:39.998789Z","level":"info","event":"Task instance in success state","logger":"task.stdout"}
{"timestamp":"2026-09-10T14:49:40.000250Z","level":"info","event":" Previous state of the Task instance: TaskInstanceState.RUNNING","logger":"task.stdout"}
{"timestamp":"2026-09-10T14:49:40.002929Z","level":"info","event":"Task operator:<Task(PythonOperator): transform>","logger":"task.stdout"}
{"timestamp":"2026-09-10T14:49:39.999271Z","level":"info","event":"::endgroup::","map_index":-1,"run_id":"manual__2026-09-10T14:49:36.168804+00:00","try_number":1,"task_id":"transform","dag_id":"etl_airflow_demo","ti_id":"01a08bcb-acee-7e10-93e8-d9b0081427f9","logger":"task","filename":"task_runner.py","lineno":2379}
