{"timestamp":"2026-09-10T14:48:35.351892Z","level":"info","event":"::group::Pre Execute","logger":"task","filename":"task_runner.py","lineno":2412}
{"timestamp":"2026-09-10T14:48:43.445793Z","level":"info","event":"DAG bundles loaded: dags-folder, example_dags, apache-airflow-providers-common-sql-example-dags, apache-airflow-providers-standard-example-dags","dag_id":"etl_airflow_demo","task_id":"extract","map_index":-1,"ti_id":"01a08bca-b156-723c-8bcf-ffa5e296e18a","run_id":"scheduled__2026-09-10T00:00:00+00:00","try_number":1,"logger":"airflow.dag_processing.bundles.manager.DagBundlesManager","filename":"manager.py","lineno":304}
{"timestamp":"2026-09-10T14:48:43.476679Z","level":"info","event":"Filling up the DagBag from /opt/airflow/dags/etl_pipeline.py","dag_id":"etl_airflow_demo","task_id":"extract","map_index":-1,"ti_id":"01a08bca-b156-723c-8bcf-ffa5e296e18a","run_id":"scheduled__2026-09-10T00:00:00+00:00","try_number":1,"logger":"airflow.dag_processing.dagbag.BundleDagBag","filename":"dagbag.py","lineno":460}
{"timestamp":"2026-09-10T14:48:49.559165Z","level":"warning","event":"The `airflow.operators.python.PythonOperator` attribute is deprecated. Please use `'airflow.providers.standard.operators.python.PythonOperator'`.","category":"UserWarning","filename":"/opt/airflow/dags/etl_pipeline.py","lineno":2,"dag_id":"etl_airflow_demo","task_id":"extract","map_index":-1,"ti_id":"01a08bca-b156-723c-8bcf-ffa5e296e18a","run_id":"scheduled__2026-09-10T00:00:00+00:00","try_number":1,"logger":"py.warnings"}
{"timestamp":"2026-09-10T14:48:49.577968Z","level":"info","event":"Worker startup parse complete","bundle_name":"dags-folder","bundle_version":null,"dag_file":"etl_pipeline.py","dag_id":"etl_airflow_demo","bundle_prepare_ms":116,"dag_file_parse_ms":6117,"task_id":"extract","map_index":-1,"ti_id":"01a08bca-b156-723c-8bcf-ffa5e296e18a","run_id":"scheduled__2026-09-10T00:00:00+00:00","try_number":1,"logger":"task","filename":"task_runner.py","lineno":1073}
{"timestamp":"2026-09-10T14:48:49.712078Z","level":"info","event":"Task instance is in running state","logger":"task.stdout"}
{"timestamp":"2026-09-10T14:48:49.714880Z","level":"info","event":" Previous state of the Task instance: TaskInstanceState.QUEUED","logger":"task.stdout"}
{"timestamp":"2026-09-10T14:48:49.718667Z","level":"info","event":"Current task name:extract","logger":"task.stdout"}
{"timestamp":"2026-09-10T14:48:49.720578Z","level":"info","event":"Dag name:etl_airflow_demo","logger":"task.stdout"}
{"timestamp":"2026-09-10T14:48:49.715011Z","level":"info","event":"::endgroup::","dag_id":"etl_airflow_demo","task_id":"extract","map_index":-1,"ti_id":"01a08bca-b156-723c-8bcf-ffa5e296e18a","run_id":"scheduled__2026-09-10T00:00:00+00:00","try_number":1,"logger":"task","filename":"task_runner.py","lineno":2232}
{"timestamp":"2026-09-10T14:48:49.728800Z","level":"info","event":"Extracting dataset...","logger":"task.stdout"}
{"timestamp":"2026-09-10T14:48:50.919196Z","level":"info","event":"  month  1958  1959  1960","logger":"task.stdout"}
{"timestamp":"2026-09-10T14:48:50.920895Z","level":"info","event":"0   JAN   340   360   417","logger":"task.stdout"}
{"timestamp":"2026-09-10T14:48:50.922569Z","level":"info","event":"1   FEB   318   342   391","logger":"task.stdout"}
{"timestamp":"2026-09-10T14:48:50.925511Z","level":"info","event":"2   MAR   362   406   419","logger":"task.stdout"}
{"timestamp":"2026-09-10T14:48:50.928395Z","level":"info","event":"3   APR   348   396   461","logger":"task.stdout"}
{"timestamp":"2026-09-10T14:48:50.932158Z","level":"info","event":"4   MAY   363   420   472","logger":"task.stdout"}
{"timestamp":"2026-09-10T14:48:50.919237Z","level":"info","event":"Done. Returned value was: None","dag_id":"etl_airflow_demo","task_id":"extract","map_index":-1,"ti_id":"01a08bca-b156-723c-8bcf-ffa5e296e18a","run_id":"scheduled__2026-09-10T00:00:00+00:00","try_number":1,"logger":"airflow.task.operators.airflow.providers.standard.operators.python.PythonOperator","filename":"python.py","lineno":233}
{"timestamp":"2026-09-10T14:48:50.921057Z","level":"info","event":"::group::Post Execute","dag_id":"etl_airflow_demo","task_id":"extract","map_index":-1,"ti_id":"01a08bca-b156-723c-8bcf-ffa5e296e18a","run_id":"scheduled__2026-09-10T00:00:00+00:00","try_number":1,"logger":"task","filename":"task_runner.py","lineno":1580}
{"timestamp":"2026-09-10T14:48:51.067999Z","level":"info","event":"Task instance in success state","logger":"task.stdout"}
{"timestamp":"2026-09-10T14:48:51.071256Z","level":"info","event":" Previous state of the Task instance: TaskInstanceState.RUNNING","logger":"task.stdout"}
{"timestamp":"2026-09-10T14:48:51.073749Z","level":"info","event":"Task operator:<Task(PythonOperator): extract>","logger":"task.stdout"}
{"timestamp":"2026-09-10T14:48:51.068781Z","level":"info","event":"::endgroup::","dag_id":"etl_airflow_demo","task_id":"extract","map_index":-1,"ti_id":"01a08bca-b156-723c-8bcf-ffa5e296e18a","run_id":"scheduled__2026-09-10T00:00:00+00:00","try_number":1,"logger":"task","filename":"task_runner.py","lineno":2379}
