{"timestamp":"2026-09-10T15:21:03.150477Z","level":"info","event":"::group::Pre Execute","logger":"task","filename":"task_runner.py","lineno":2412}
{"timestamp":"2026-09-10T15:21:03.196891Z","level":"info","event":"DAG bundles loaded: dags-folder, example_dags, apache-airflow-providers-common-sql-example-dags, apache-airflow-providers-standard-example-dags","task_id":"transform","try_number":1,"dag_id":"etl_airflow_demo","ti_id":"01a08be8-5367-7279-8b46-101be1ca2de7","run_id":"manual__2026-09-10T15:20:53.800150+00:00","map_index":-1,"logger":"airflow.dag_processing.bundles.manager.DagBundlesManager","filename":"manager.py","lineno":304}
{"timestamp":"2026-09-10T15:21:03.200696Z","level":"info","event":"Filling up the DagBag from /opt/airflow/dags/etl_pipeline.py","task_id":"transform","try_number":1,"dag_id":"etl_airflow_demo","ti_id":"01a08be8-5367-7279-8b46-101be1ca2de7","run_id":"manual__2026-09-10T15:20:53.800150+00:00","map_index":-1,"logger":"airflow.dag_processing.dagbag.BundleDagBag","filename":"dagbag.py","lineno":460}
{"timestamp":"2026-09-10T15:21:04.401258Z","level":"warning","event":"The `airflow.operators.python.PythonOperator` attribute is deprecated. Please use `'airflow.providers.standard.operators.python.PythonOperator'`.","category":"UserWarning","filename":"/opt/airflow/dags/etl_pipeline.py","lineno":2,"task_id":"transform","try_number":1,"dag_id":"etl_airflow_demo","ti_id":"01a08be8-5367-7279-8b46-101be1ca2de7","run_id":"manual__2026-09-10T15:20:53.800150+00:00","map_index":-1,"logger":"py.warnings"}
{"timestamp":"2026-09-10T15:21:04.404129Z","level":"info","event":"Worker startup parse complete","bundle_name":"dags-folder","bundle_version":null,"dag_file":"etl_pipeline.py","dag_id":"etl_airflow_demo","bundle_prepare_ms":6,"dag_file_parse_ms":1203,"task_id":"transform","try_number":1,"ti_id":"01a08be8-5367-7279-8b46-101be1ca2de7","run_id":"manual__2026-09-10T15:20:53.800150+00:00","map_index":-1,"logger":"task","filename":"task_runner.py","lineno":1073}
{"timestamp":"2026-09-10T15:21:04.465995Z","level":"info","event":"Task instance is in running state","logger":"task.stdout"}
{"timestamp":"2026-09-10T15:21:04.467607Z","level":"info","event":" Previous state of the Task instance: TaskInstanceState.QUEUED","logger":"task.stdout"}
{"timestamp":"2026-09-10T15:21:04.469339Z","level":"info","event":"Current task name:transform","logger":"task.stdout"}
{"timestamp":"2026-09-10T15:21:04.471035Z","level":"info","event":"Dag name:etl_airflow_demo","logger":"task.stdout"}
{"timestamp":"2026-09-10T15:21:04.466731Z","level":"info","event":"::endgroup::","task_id":"transform","try_number":1,"dag_id":"etl_airflow_demo","ti_id":"01a08be8-5367-7279-8b46-101be1ca2de7","run_id":"manual__2026-09-10T15:20:53.800150+00:00","map_index":-1,"logger":"task","filename":"task_runner.py","lineno":2232}
{"timestamp":"2026-09-10T15:21:04.475070Z","level":"info","event":"Transforming dataset...","logger":"task.stdout"}
{"timestamp":"2026-09-10T15:21:04.543724Z","level":"info","event":"  month  1958  1959  1960","logger":"task.stdout"}
{"timestamp":"2026-09-10T15:21:04.545096Z","level":"info","event":"0   JAN   340   360   417","logger":"task.stdout"}
{"timestamp":"2026-09-10T15:21:04.546403Z","level":"info","event":"1   FEB   318   342   391","logger":"task.stdout"}
{"timestamp":"2026-09-10T15:21:04.547710Z","level":"info","event":"2   MAR   362   406   419","logger":"task.stdout"}
{"timestamp":"2026-09-10T15:21:04.548909Z","level":"info","event":"3   APR   348   396   461","logger":"task.stdout"}
{"timestamp":"2026-09-10T15:21:04.550242Z","level":"info","event":"4   MAY   363   420   472","logger":"task.stdout"}
{"timestamp":"2026-09-10T15:21:04.543772Z","level":"info","event":"Done. Returned value was: None","task_id":"transform","try_number":1,"dag_id":"etl_airflow_demo","ti_id":"01a08be8-5367-7279-8b46-101be1ca2de7","run_id":"manual__2026-09-10T15:20:53.800150+00:00","map_index":-1,"logger":"airflow.task.operators.airflow.providers.standard.operators.python.PythonOperator","filename":"python.py","lineno":233}
{"timestamp":"2026-09-10T15:21:04.544061Z","level":"info","event":"::group::Post Execute","task_id":"transform","try_number":1,"dag_id":"etl_airflow_demo","ti_id":"01a08be8-5367-7279-8b46-101be1ca2de7","run_id":"manual__2026-09-10T15:20:53.800150+00:00","map_index":-1,"logger":"task","filename":"task_runner.py","lineno":1580}
{"timestamp":"2026-09-10T15:21:04.593762Z","level":"info","event":"Task instance in success state","logger":"task.stdout"}
{"timestamp":"2026-09-10T15:21:04.595409Z","level":"info","event":" Previous state of the Task instance: TaskInstanceState.RUNNING","logger":"task.stdout"}
{"timestamp":"2026-09-10T15:21:04.597167Z","level":"info","event":"Task operator:<Task(PythonOperator): transform>","logger":"task.stdout"}
{"timestamp":"2026-09-10T15:21:04.595304Z","level":"info","event":"::endgroup::","task_id":"transform","try_number":1,"dag_id":"etl_airflow_demo","ti_id":"01a08be8-5367-7279-8b46-101be1ca2de7","run_id":"manual__2026-09-10T15:20:53.800150+00:00","map_index":-1,"logger":"task","filename":"task_runner.py","lineno":2379}
