{"timestamp":"2026-09-10T14:49:37.292445Z","level":"info","event":"::group::Pre Execute","logger":"task","filename":"task_runner.py","lineno":2412}
{"timestamp":"2026-09-10T14:49:37.359716Z","level":"info","event":"DAG bundles loaded: dags-folder, example_dags, apache-airflow-providers-common-sql-example-dags, apache-airflow-providers-standard-example-dags","run_id":"manual__2026-09-10T14:49:36.168804+00:00","dag_id":"etl_airflow_demo","map_index":-1,"ti_id":"01a08bcb-aced-7fd7-a768-e243c30708ab","task_id":"extract","try_number":1,"logger":"airflow.dag_processing.bundles.manager.DagBundlesManager","filename":"manager.py","lineno":304}
{"timestamp":"2026-09-10T14:49:37.364657Z","level":"info","event":"Filling up the DagBag from /opt/airflow/dags/etl_pipeline.py","run_id":"manual__2026-09-10T14:49:36.168804+00:00","dag_id":"etl_airflow_demo","map_index":-1,"ti_id":"01a08bcb-aced-7fd7-a768-e243c30708ab","task_id":"extract","try_number":1,"logger":"airflow.dag_processing.dagbag.BundleDagBag","filename":"dagbag.py","lineno":460}
{"timestamp":"2026-09-10T14:49:38.091033Z","level":"warning","event":"The `airflow.operators.python.PythonOperator` attribute is deprecated. Please use `'airflow.providers.standard.operators.python.PythonOperator'`.","category":"UserWarning","filename":"/opt/airflow/dags/etl_pipeline.py","lineno":2,"run_id":"manual__2026-09-10T14:49:36.168804+00:00","dag_id":"etl_airflow_demo","map_index":-1,"ti_id":"01a08bcb-aced-7fd7-a768-e243c30708ab","task_id":"extract","try_number":1,"logger":"py.warnings"}
{"timestamp":"2026-09-10T14:49:38.093662Z","level":"info","event":"Worker startup parse complete","bundle_name":"dags-folder","bundle_version":null,"dag_file":"etl_pipeline.py","dag_id":"etl_airflow_demo","bundle_prepare_ms":7,"dag_file_parse_ms":730,"run_id":"manual__2026-09-10T14:49:36.168804+00:00","map_index":-1,"ti_id":"01a08bcb-aced-7fd7-a768-e243c30708ab","task_id":"extract","try_number":1,"logger":"task","filename":"task_runner.py","lineno":1073}
{"timestamp":"2026-09-10T14:49:38.141012Z","level":"info","event":"Task instance is in running state","logger":"task.stdout"}
{"timestamp":"2026-09-10T14:49:38.142618Z","level":"info","event":" Previous state of the Task instance: TaskInstanceState.QUEUED","logger":"task.stdout"}
{"timestamp":"2026-09-10T14:49:38.144660Z","level":"info","event":"Current task name:extract","logger":"task.stdout"}
{"timestamp":"2026-09-10T14:49:38.146087Z","level":"info","event":"Dag name:etl_airflow_demo","logger":"task.stdout"}
{"timestamp":"2026-09-10T14:49:38.141540Z","level":"info","event":"::endgroup::","run_id":"manual__2026-09-10T14:49:36.168804+00:00","dag_id":"etl_airflow_demo","map_index":-1,"ti_id":"01a08bcb-aced-7fd7-a768-e243c30708ab","task_id":"extract","try_number":1,"logger":"task","filename":"task_runner.py","lineno":2232}
{"timestamp":"2026-09-10T14:49:38.149544Z","level":"info","event":"Extracting dataset...","logger":"task.stdout"}
{"timestamp":"2026-09-10T14:49:38.305253Z","level":"info","event":"  month  1958  1959  1960","logger":"task.stdout"}
{"timestamp":"2026-09-10T14:49:38.306744Z","level":"info","event":"0   JAN   340   360   417","logger":"task.stdout"}
{"timestamp":"2026-09-10T14:49:38.307874Z","level":"info","event":"1   FEB   318   342   391","logger":"task.stdout"}
{"timestamp":"2026-09-10T14:49:38.309076Z","level":"info","event":"2   MAR   362   406   419","logger":"task.stdout"}
{"timestamp":"2026-09-10T14:49:38.310350Z","level":"info","event":"3   APR   348   396   461","logger":"task.stdout"}
{"timestamp":"2026-09-10T14:49:38.311571Z","level":"info","event":"4   MAY   363   420   472","logger":"task.stdout"}
{"timestamp":"2026-09-10T14:49:38.305308Z","level":"info","event":"Done. Returned value was: None","run_id":"manual__2026-09-10T14:49:36.168804+00:00","dag_id":"etl_airflow_demo","map_index":-1,"ti_id":"01a08bcb-aced-7fd7-a768-e243c30708ab","task_id":"extract","try_number":1,"logger":"airflow.task.operators.airflow.providers.standard.operators.python.PythonOperator","filename":"python.py","lineno":233}
{"timestamp":"2026-09-10T14:49:38.305583Z","level":"info","event":"::group::Post Execute","run_id":"manual__2026-09-10T14:49:36.168804+00:00","dag_id":"etl_airflow_demo","map_index":-1,"ti_id":"01a08bcb-aced-7fd7-a768-e243c30708ab","task_id":"extract","try_number":1,"logger":"task","filename":"task_runner.py","lineno":1580}
{"timestamp":"2026-09-10T14:49:38.342168Z","level":"info","event":"Task instance in success state","logger":"task.stdout"}
{"timestamp":"2026-09-10T14:49:38.349740Z","level":"info","event":" Previous state of the Task instance: TaskInstanceState.RUNNING","logger":"task.stdout"}
{"timestamp":"2026-09-10T14:49:38.351373Z","level":"info","event":"Task operator:<Task(PythonOperator): extract>","logger":"task.stdout"}
{"timestamp":"2026-09-10T14:49:38.342500Z","level":"info","event":"::endgroup::","run_id":"manual__2026-09-10T14:49:36.168804+00:00","dag_id":"etl_airflow_demo","map_index":-1,"ti_id":"01a08bcb-aced-7fd7-a768-e243c30708ab","task_id":"extract","try_number":1,"logger":"task","filename":"task_runner.py","lineno":2379}
